** Drc report for silakka60mod.kicad_pcb **
** Created on 2026-09-07T19:44:35 **
** Report includes: Errors **

** Found 0 DRC violations **

** Found 8 unconnected pads **
[unconnected_items]: Missing connection between items
    Local override; 
    @(159.1400 mm, 35.5400 mm): PTH pad 22 [GND] of U2
    @(314.7673 mm, 27.9310 mm): Zone [GND] on Front and Back, priority 0
[unconnected_items]: Missing connection between items
    Local override; 
    @(159.1400 mm, 33.0000 mm): PTH pad 23 [un] of U2
    @(159.1400 mm, 40.6200 mm): PTH pad 20 [un] of U2
[unconnected_items]: Missing connection between items
    Local override; 
    @(159.1400 mm, 40.6200 mm): PTH pad 20 [un] of U2
    @(159.1400 mm, 43.1600 mm): PTH pad 19 [un] of U2
[unconnected_items]: Missing connection between items
    Local override; 
    @(159.1400 mm, 43.1600 mm): PTH pad 19 [un] of U2
    @(159.1400 mm, 45.7000 mm): PTH pad 18 [un] of U2
[unconnected_items]: Missing connection between items
    Local override; 
    @(159.1400 mm, 45.7000 mm): PTH pad 18 [un] of U2
    @(159.1400 mm, 48.2400 mm): PTH pad 17 [un] of U2
[unconnected_items]: Missing connection between items
    Local override; 
    @(159.1400 mm, 48.2400 mm): PTH pad 17 [un] of U2
    @(159.1400 mm, 50.7800 mm): PTH pad 16 [un] of U2
[unconnected_items]: Missing connection between items
    Local override; 
    @(159.1400 mm, 50.7800 mm): PTH pad 16 [un] of U2
    @(159.1400 mm, 53.3200 mm): PTH pad 15 [un] of U2
[unconnected_items]: Missing connection between items
    Local override; 
    @(159.1400 mm, 53.3200 mm): PTH pad 15 [un] of U2
    @(161.6800 mm, 53.3200 mm): PTH pad 14 [un] of U2

** Found 0 Footprint errors **

** Ignored checks **
    - Footprint has no courtyard defined
    - Track endpoint not centered on via
    - Tuning profile track geometries
    - Footprint doesn't match symbol's footprint filters
    - Missing connection between items
    - Footprint component type doesn't match footprint pads

** End of Report **
